{
    "rooms": [
        {
            "accessible": true,
            "description": "Aenean porttitor mauris sit amet lacinia molestie. In posuere accumsan aliquet. Maecenas sit amet nisl massa. Interdum et malesuada fames ac ante.",
            "features": [
                "TV",
                "WiFi",
                "Safe"
            ],
            "image": "https://www.mwtestconsultancy.co.uk/img/testim/room2.jpg",
            "roomName": "101",
            "roomPrice": 100,
            "roomid": 1,
            "type": "single"
        },
        {
            "accessible": false,
            "description": "This is a lovely room",
            "features": [
                "WiFi",
                "TV"
            ],
            "image": "https://www.mwtestconsultancy.co.uk/img/room1.jpg",
            "roomName": "999",
            "roomPrice": 878,
            "roomid": 4,
            "type": "Suite"
        },
        {
            "accessible": false,
            "description": "This is a lovely room",
            "features": [
                "WiFi",
                "TV"
            ],
            "image": "https://www.mwtestconsultancy.co.uk/img/room1.jpg",
            "roomName": "999",
            "roomPrice": 878,
            "roomid": 5,
            "type": "Suite"
        },
        {
            "accessible": false,
            "description": "This is a lovely room",
            "features": [
                "WiFi",
                "TV"
            ],
            "image": "https://www.mwtestconsultancy.co.uk/img/room1.jpg",
            "roomName": "999",
            "roomPrice": 878,
            "roomid": 6,
            "type": "Suite"
        }
    ]
}
